******************************************************************************
                  TI ARM Linker PC v20.2.7                     
******************************************************************************
>> Linked Mon Jan 20 13:22:59 2025

OUTPUT FILE NAME:   <spi_demo.out>
ENTRY POINT SYMBOL: "_c_int00_noargs"  address: 20008595


MEMORY CONFIGURATION

         name            origin    length      used     unused   attr    fill
----------------------  --------  ---------  --------  --------  ----  --------
  SRAM_CODE             20004000   00013000  00004c7e  0000e382  RW X
  SRAM_DATA             20017000   00019000  0000147e  00017b82  RW X


SEGMENT ALLOCATION MAP

run origin  load origin   length   init length attrs members
----------  ----------- ---------- ----------- ----- -------
20004000    20004000    00004c80   00004c80    r-x
  20004000    20004000    00000400   00000400    r-- .intvecs
  20004400    20004400    000044e6   000044e6    r-x .text
  200088e8    200088e8    00000300   00000300    r-- .const
  20008be8    20008be8    00000098   00000098    r-- .cinit
20017000    20017000    00000c80   00000000    rw-
  20017000    20017000    00000800   00000000    rw- .sysmem
  20017800    20017800    00000296   00000000    rw- .bss
  20017a98    20017a98    000001e8   00000000    rw- .data
2002f800    2002f800    00000800   00000000    rw-
  2002f800    2002f800    00000800   00000000    rw- .stack


SECTION ALLOCATION MAP

 output                                  attributes/
section   page    origin      length       input sections
--------  ----  ----------  ----------   ----------------
.intvecs   0    20004000    00000400     
                  20004000    00000400     startup_ccs.obj (.intvecs)

.init_array 
*          0    20004000    00000000     UNINITIALIZED

.text      0    20004400    000044e6     
                  20004400    00000a4e     rtsv7M4_T_le_eabi.lib : _printfi.c.obj (.text:__TI_printfi)
                  20004e4e    00000002                           : _lock.c.obj (.text:_nop)
                  20004e50    00000582     Adafruit_OLED.obj (.text)
                  200053d2    00000002     rtsv7M4_T_le_eabi.lib : div0.asm.obj (.text)
                  200053d4    000003fc     main.obj (.text)
                  200057d0    0000027c     uart_if.obj (.text)
                  20005a4c    00000268     rtsv7M4_T_le_eabi.lib : _printfi.c.obj (.text:_pconv_a)
                  20005cb4    000001cc                           : _printfi.c.obj (.text:_pconv_g)
                  20005e80    000001b6                           : fd_add_t2.asm.obj (.text)
                  20006036    00000002     --HOLE-- [fill = 0]
                  20006038    00000178     driverlib.a : prcm.obj (.text:PRCMCC3200MCUInit)
                  200061b0    0000013c     rtsv7M4_T_le_eabi.lib : _printfi.c.obj (.text:_pconv_e)
                  200062ec    00000136                           : fd_div_t2.asm.obj (.text)
                  20006422    00000002     --HOLE-- [fill = 0]
                  20006424    00000120                           : _printfi.c.obj (.text:fcvt)
                  20006544    00000114                           : fputs.c.obj (.text:fputs)
                  20006658    00000100                           : memory.c.obj (.text:aligned_alloc)
                  20006758    000000fc     pin_mux_config.obj (.text)
                  20006854    000000fc     rtsv7M4_T_le_eabi.lib : fd_mul_t2.asm.obj (.text)
                  20006950    000000e4                           : memory.c.obj (.text:free)
                  20006a34    000000e4                           : memory.c.obj (.text:realloc)
                  20006b18    000000dc                           : setvbuf.c.obj (.text:setvbuf)
                  20006bf4    000000d0     driverlib.a : spi.obj (.text:SPITransfer32)
                  20006cc4    000000d0     rtsv7M4_T_le_eabi.lib : s_scalbn.c.obj (.text:scalbn)
                  20006d94    000000ce     driverlib.a : spi.obj (.text:SPITransfer16)
                  20006e62    000000b8                 : spi.obj (.text:SPITransfer8)
                  20006f1a    00000002     --HOLE-- [fill = 0]
                  20006f1c    000000b1     rtsv7M4_T_le_eabi.lib : _printfi.c.obj (.text:_ltostr)
                  20006fcd    00000003     --HOLE-- [fill = 0]
                  20006fd0    000000a8     driverlib.a : interrupt.obj (.text:IntEnable)
                  20007078    000000a0                 : spi.obj (.text:SPIConfigSetExpClk)
                  20007118    0000009c     rtsv7M4_T_le_eabi.lib : memcpy_t2.asm.obj (.text)
                  200071b4    00000096                           : ull_div_t2.asm.obj (.text)
                  2000724a    00000002     --HOLE-- [fill = 0]
                  2000724c    00000094     driverlib.a : prcm.obj (.text:PRCMPeripheralClockGet)
                  200072e0    0000008c     rtsv7M4_T_le_eabi.lib : fputc.c.obj (.text:fputc)
                  2000736c    00000088     driverlib.a : pin.obj (.text:PinConfigSet)
                  200073f4    00000088                 : spi.obj (.text:SPITransfer)
                  2000747c    00000086     rtsv7M4_T_le_eabi.lib : fd_cmp_t2.asm.obj (.text:__aeabi_cdcmple)
                  20007502    00000086                           : fd_cmp_t2.asm.obj (.text:__aeabi_cdrcmple)
                  20007588    0000007c     driverlib.a : spi.obj (.text:SPIIntStatus)
                  20007604    0000007a     rtsv7M4_T_le_eabi.lib : memset_t2.asm.obj (.text)
                  2000767e    00000076     driverlib.a : uart.obj (.text:UARTConfigSetExpClk)
                  200076f4    00000074     rtsv7M4_T_le_eabi.lib : fclose.c.obj (.text:__TI_closefile)
                  20007768    00000070                           : memory.c.obj (.text:split)
                  200077d8    0000006e                           : _printfi.c.obj (.text:_mcpy)
                  20007846    00000002     --HOLE-- [fill = 0]
                  20007848    0000006c                           : hostrename.c.obj (.text:HOSTrename)
                  200078b4    00000068                           : hostlseek.c.obj (.text:HOSTlseek)
                  2000791c    00000068                           : copy_decompress_lzss.c.obj (.text:decompress:lzss:__TI_decompress_lzss)
                  20007984    00000068                           : printf.c.obj (.text:printf)
                  200079ec    00000064                           : fseek.c.obj (.text:fseek)
                  20007a50    00000062                           : _io_perm.c.obj (.text:__TI_wrt_ok)
                  20007ab2    00000002     --HOLE-- [fill = 0]
                  20007ab4    00000060                           : hostopen.c.obj (.text:HOSTopen)
                  20007b14    0000005c                           : close.c.obj (.text:close)
                  20007b70    0000005c                           : s_frexp.c.obj (.text:frexp)
                  20007bcc    00000058                           : hostread.c.obj (.text:HOSTread)
                  20007c24    00000058                           : hostwrite.c.obj (.text:HOSTwrite)
                  20007c7c    00000058     driverlib.a : prcm.obj (.text:PRCMPeripheralReset)
                  20007cd4    00000056     rtsv7M4_T_le_eabi.lib : _printfi.c.obj (.text:_pconv_f)
                  20007d2a    00000054                           : _ltoa.c.obj (.text:__TI_ltoa)
                  20007d7e    00000052                           : _printfi.c.obj (.text:_ecpy)
                  20007dd0    0000004c     driverlib.a : spi.obj (.text:SPIIntEnable)
                  20007e1c    0000004c                 : spi.obj (.text:SPIIntNumberGet)
                  20007e68    0000004c     rtsv7M4_T_le_eabi.lib : fflush.c.obj (.text:__TI_doflush)
                  20007eb4    0000004c                           : atoi.c.obj (.text:atoi)
                  20007f00    00000048     driverlib.a : spi.obj (.text:SPIIntClear)
                  20007f48    00000048     rtsv7M4_T_le_eabi.lib : exit.c.obj (.text:exit)
                  20007f90    00000048                           : fd_toi_t2.asm.obj (.text)
                  20007fd8    00000044                           : hostclose.c.obj (.text:HOSTclose)
                  2000801c    00000044                           : hostunlink.c.obj (.text:HOSTunlink)
                  20008060    00000044     driverlib.a : spi.obj (.text:SPIDmaMaskGet)
                  200080a4    00000044     rtsv7M4_T_le_eabi.lib : autoinit.c.obj (.text:__TI_auto_init_nobinit_nopinit:__TI_auto_init_nobinit_nopinit)
                  200080e8    00000044                           : getdevice.c.obj (.text:getdevice)
                  2000812c    00000040     driverlib.a : pin.obj (.text:PinModeSet)
                  2000816c    00000040     rtsv7M4_T_le_eabi.lib : vsnprintf.c.obj (.text:vsnprintf)
                  200081ac    0000003e                           : _printfi.c.obj (.text:_fcpy)
                  200081ea    00000002     --HOLE-- [fill = 0]
                  200081ec    0000003c     driverlib.a : prcm.obj (.text:PRCMPeripheralClkEnable)
                  20008228    00000038     rtsv7M4_T_le_eabi.lib : trgmsg.c.obj (.text:__TI_writemsg)
                  20008260    00000036     driverlib.a : gpio.obj (.text:GPIODirModeSet)
                  20008296    00000036     rtsv7M4_T_le_eabi.lib : strncpy.c.obj (.text:strncpy)
                  200082cc    00000034                           : fopen.c.obj (.text:__TI_cleanup)
                  20008300    00000034                           : trgmsg.c.obj (.text:__TI_readmsg)
                  20008334    00000030     driverlib.a : pin.obj (.text:PinTypeGPIO)
                  20008364    00000030                 : uart.obj (.text:UARTDisable)
                  20008394    00000030     rtsv7M4_T_le_eabi.lib : vsnprintf.c.obj (.text:_outs)
                  200083c4    00000030                           : getdevice.c.obj (.text:finddevice)
                  200083f4    0000002e                           : i_tofd_t2.asm.obj (.text)
                  20008422    00000002     --HOLE-- [fill = 0]
                  20008424    0000002c     driverlib.a : prcm.obj (.text:PRCMSysResetCauseGet)
                  20008450    0000002c     rtsv7M4_T_le_eabi.lib : unlink.c.obj (.text:unlink)
                  2000847c    0000002a     driverlib.a : spi.obj (.text:SPIDataGetNonBlocking)
                  200084a6    00000002     --HOLE-- [fill = 0]
                  200084a8    00000028                 : prcm.obj (.text:PRCMPeripheralClkDisable)
                  200084d0    00000028     rtsv7M4_T_le_eabi.lib : memory.c.obj (.text:free_list_insert)
                  200084f8    00000028                           : lseek.c.obj (.text:lseek)
                  20008520    00000028                           : memmov.c.obj (.text:memmove)
                  20008548    00000028                           : write.c.obj (.text:write)
                  20008570    00000024     driverlib.a : uart.obj (.text:UARTEnable)
                  20008594    00000024     rtsv7M4_T_le_eabi.lib : boot_cortex_m.c.obj (.text:_c_int00_noargs:_c_int00_noargs)
                  200085b8    00000022     driverlib.a : spi.obj (.text:SPIReset)
                  200085da    00000020                 : gpio.obj (.text:GPIOPinWrite)
                  200085fa    00000002     --HOLE-- [fill = 0]
                  200085fc    00000020                 : interrupt.obj (.text:IntRegister)
                  2000861c    00000020                 : spi.obj (.text:SPIDataGet)
                  2000863c    00000020     rtsv7M4_T_le_eabi.lib : memchr.c.obj (.text:memchr)
                  2000865c    0000001e     driverlib.a : spi.obj (.text:SPIDataPut)
                  2000867a    0000001e                 : spi.obj (.text:SPIIntRegister)
                  20008698    0000001e                 : uart.obj (.text:UARTCharPut)
                  200086b6    0000001c                 : uart.obj (.text:UARTCharGetNonBlocking)
                  200086d2    0000001c     rtsv7M4_T_le_eabi.lib : copy_zero_init.c.obj (.text:decompress:ZI:__TI_zero_init_nomemset:__TI_zero_init_nomemset)
                  200086ee    00000002     --HOLE-- [fill = 0]
                  200086f0    0000001c                           : memory.c.obj (.text:free_list_remove)
                  2000870c    0000001c                           : memccpy.c.obj (.text:memccpy)
                  20008728    0000001a     driverlib.a : pin.obj (.text:PinTypeSPI)
                  20008742    00000018                 : spi.obj (.text:SPICSDisable)
                  2000875a    00000018                 : spi.obj (.text:SPICSEnable)
                  20008772    00000018                 : spi.obj (.text:SPIEnable)
                  2000878a    00000018                 : uart.obj (.text:UARTCharsAvail)
                  200087a2    00000018     rtsv7M4_T_le_eabi.lib : vsnprintf.c.obj (.text:_outc)
                  200087ba    00000018                           : strcmp.c.obj (.text:strcmp)
                  200087d2    00000016     driverlib.a : prcm.obj (.text:PRCMHIBRegRead)
                  200087e8    00000016                 : prcm.obj (.text:PRCMHIBRegWrite)
                  200087fe    00000016                 : uart.obj (.text:UARTCharGet)
                  20008814    00000016     rtsv7M4_T_le_eabi.lib : strchr.c.obj (.text:strchr)
                  2000882a    00000014     driverlib.a : cpu.obj (.text:CPUcpsie)
                  2000883e    00000002     --HOLE-- [fill = 0]
                  20008840    00000014                 : interrupt.obj (.text:IntVTableBaseSet)
                  20008854    00000014     rtsv7M4_T_le_eabi.lib : strcpy.c.obj (.text:strcpy)
                  20008868    00000014                           : strlen.c.obj (.text:strlen)
                  2000887c    00000012                           : wcslen.c.obj (.text:wcslen)
                  2000888e    0000000e                           : copy_decompress_none.c.obj (.text:decompress:none:__TI_decompress_none)
                  2000889c    0000000e     startup_ccs.obj (.text)
                  200088aa    0000000c     rtsv7M4_T_le_eabi.lib : s_copysign.c.obj (.text:copysign)
                  200088b6    0000000a     driverlib.a : interrupt.obj (.text:IntMasterEnable)
                  200088c0    00000008     rtsv7M4_T_le_eabi.lib : errno.c.obj (.text:__aeabi_errno_addr)
                  200088c8    00000008                           : memory.c.obj (.text:malloc)
                  200088d0    00000006     driverlib.a : utils.obj (.text:UtilsDelay)
                  200088d6    00000004     rtsv7M4_T_le_eabi.lib : printf.c.obj (.text:_outc)
                  200088da    00000004                           : printf.c.obj (.text:_outs)
                  200088de    00000004                           : pre_init.c.obj (.text:_system_pre_init)
                  200088e2    00000004                           : exit.c.obj (.text:abort:abort)

.const     0    200088e8    00000300     
                  200088e8    00000101     rtsv7M4_T_le_eabi.lib : ctype.c.obj (.const:.string:_ctypes_)
                  200089e9    00000003     --HOLE-- [fill = 0]
                  200089ec    00000100     driverlib.a : pin.obj (.const:g_ulPinToPadMap)
                  20008aec    000000a8                 : prcm.obj (.const:PRCM_PeriphRegsList)
                  20008b94    00000024                 : spi.obj (.const:g_ppulSPIIntMap)
                  20008bb8    00000018                 : interrupt.obj (.const:g_pulEnRegs)
                  20008bd0    00000018                 : spi.obj (.const:g_ulSPIDmaMaskMap)

.cinit     0    20008be8    00000098     
                  20008be8    00000070     (.cinit..data.load) [load image, compression = lzss]
                  20008c58    0000000c     (__TI_handler_table)
                  20008c64    00000004     --HOLE-- [fill = 0]
                  20008c68    00000008     (.cinit..bss.load) [load image, compression = zero_init]
                  20008c70    00000010     (__TI_cinit_table)

.sysmem    0    20017000    00000800     UNINITIALIZED
                  20017000    00000010     rtsv7M4_T_le_eabi.lib : memory.c.obj (.sysmem)
                  20017010    000007f0     --HOLE--

.bss       0    20017800    00000296     UNINITIALIZED
                  20017800    00000120     rtsv7M4_T_le_eabi.lib : trgmsg.c.obj (.bss:_CIOBUF_)
                  20017920    000000a0     (.common:__TI_tmpnams)
                  200179c0    00000064     main.obj (.bss:g_ucRxBuff)
                  20017a24    00000064     main.obj (.bss:g_ucTxBuff)
                  20017a88    00000008     (.common:parmbuf)
                  20017a90    00000004     uart_if.obj (.bss)
                  20017a94    00000002     main.obj (.bss)

.data      0    20017a98    000001e8     UNINITIALIZED
                  20017a98    000000f0     rtsv7M4_T_le_eabi.lib : defs.c.obj (.data:_ftable)
                  20017b88    00000078                           : host_device.c.obj (.data:_device)
                  20017c00    00000050                           : host_device.c.obj (.data:_stream)
                  20017c50    00000010                           : defs.c.obj (.data)
                  20017c60    0000000c                           : exit.c.obj (.data:$O1$$)
                  20017c6c    00000008                           : _lock.c.obj (.data:$O1$$)
                  20017c74    00000008                           : memory.c.obj (.data:$O1$$)
                  20017c7c    00000004                           : errno.c.obj (.data)

.stack     0    2002f800    00000800     UNINITIALIZED
                  2002f800    00000004     rtsv7M4_T_le_eabi.lib : boot_cortex_m.c.obj (.stack)
                  2002f804    000007fc     --HOLE--

__llvm_prf_cnts 
*          0    20017000    00000000     UNINITIALIZED

MODULE SUMMARY

       Module                       code    ro data   rw data
       ------                       ----    -------   -------
    .\
       main.obj                     1020    0         202    
       startup_ccs.obj              14      1024      0      
       uart_if.obj                  636     0         4      
       pin_mux_config.obj           252     0         0      
    +--+----------------------------+-------+---------+---------+
       Total:                       1922    1024      206    
                                                             
    .\oled\
       Adafruit_OLED.obj            1410    0         0      
    +--+----------------------------+-------+---------+---------+
       Total:                       1410    0         0      
                                                             
    C:/ti/CC3200SDK_1.5.0/cc3200-sdk/driverlib/ccs/Release/driverlib.a
       spi.obj                      1550    60        0      
       prcm.obj                     800     168       0      
       pin.obj                      274     256       0      
       uart.obj                     306     0         0      
       interrupt.obj                230     24        0      
       gpio.obj                     86      0         0      
       cpu.obj                      20      0         0      
       utils.obj                    6       0         0      
    +--+----------------------------+-------+---------+---------+
       Total:                       3272    508       0      
                                                             
    C:\ti\ccs1250\ccs\tools\compiler\ti-cgt-arm_20.2.7.LTS\lib\rtsv7M4_T_le_eabi.lib
       _printfi.c.obj               4835    0         0      
       memory.c.obj                 900     0         8      
       fd_add_t2.asm.obj            438     0         0      
       defs.c.obj                   0       0         416    
       trgmsg.c.obj                 108     0         288    
       fd_div_t2.asm.obj            310     0         0      
       fputs.c.obj                  276     0         0      
       fd_cmp_t2.asm.obj            268     0         0      
       ctype.c.obj                  0       257       0      
       fd_mul_t2.asm.obj            252     0         0      
       setvbuf.c.obj                220     0         0      
       s_scalbn.c.obj               208     0         0      
       host_device.c.obj            0       0         200    
       memcpy_t2.asm.obj            156     0         0      
       ull_div_t2.asm.obj           150     0         0      
       fputc.c.obj                  140     0         0      
       vsnprintf.c.obj              136     0         0      
       memset_t2.asm.obj            122     0         0      
       fclose.c.obj                 116     0         0      
       getdevice.c.obj              116     0         0      
       printf.c.obj                 112     0         0      
       hostrename.c.obj             108     0         0      
       copy_decompress_lzss.c.obj   104     0         0      
       hostlseek.c.obj              104     0         0      
       hostopen.c.obj               96      0         8      
       fseek.c.obj                  100     0         0      
       _io_perm.c.obj               98      0         0      
       close.c.obj                  92      0         0      
       s_frexp.c.obj                92      0         0      
       exit.c.obj                   76      0         12     
       hostread.c.obj               88      0         0      
       hostwrite.c.obj              88      0         0      
       _ltoa.c.obj                  84      0         0      
       atoi.c.obj                   76      0         0      
       fflush.c.obj                 76      0         0      
       fd_toi_t2.asm.obj            72      0         0      
       autoinit.c.obj               68      0         0      
       hostclose.c.obj              68      0         0      
       hostunlink.c.obj             68      0         0      
       strncpy.c.obj                54      0         0      
       fopen.c.obj                  52      0         0      
       i_tofd_t2.asm.obj            46      0         0      
       unlink.c.obj                 44      0         0      
       lseek.c.obj                  40      0         0      
       memmov.c.obj                 40      0         0      
       write.c.obj                  40      0         0      
       boot_cortex_m.c.obj          36      0         0      
       memchr.c.obj                 32      0         0      
       copy_zero_init.c.obj         28      0         0      
       memccpy.c.obj                28      0         0      
       strcmp.c.obj                 24      0         0      
       strchr.c.obj                 22      0         0      
       strcpy.c.obj                 20      0         0      
       strlen.c.obj                 20      0         0      
       wcslen.c.obj                 18      0         0      
       copy_decompress_none.c.obj   14      0         0      
       errno.c.obj                  8       0         4      
       s_copysign.c.obj             12      0         0      
       _lock.c.obj                  2       0         8      
       pre_init.c.obj               4       0         0      
       div0.asm.obj                 2       0         0      
    +--+----------------------------+-------+---------+---------+
       Total:                       11007   257       944    
                                                             
       Heap:                        0       0         2048   
       Stack:                       0       0         2048   
       Linker Generated:            0       148       0      
    +--+----------------------------+-------+---------+---------+
       Grand Total:                 17611   1937      5246   


LINKER GENERATED COPY TABLES

__TI_cinit_table @ 20008c70 records: 2, size/record: 8, table size: 16
	.data: load addr=20008be8, load size=00000070 bytes, run addr=20017a98, run size=000001e8 bytes, compression=lzss
	.bss: load addr=20008c68, load size=00000008 bytes, run addr=20017800, run size=00000296 bytes, compression=zero_init


LINKER GENERATED HANDLER TABLE

__TI_handler_table @ 20008c58 records: 3, size/record: 4, table size: 12
	index: 0, handler: __TI_decompress_lzss
	index: 1, handler: __TI_decompress_none
	index: 2, handler: __TI_zero_init


GLOBAL SYMBOLS: SORTED ALPHABETICALLY BY Name 

address   name                           
-------   ----                           
20004edd  Adafruit_Init                  
200088e3  C$$EXIT                        
20008257  C$$IO$$                        
2000882b  CPUcpsie                       
20005811  ClearTerm                      
20005065  Color565                       
2000581b  Error                          
20008261  GPIODirModeSet                 
200085db  GPIOPinWrite                   
20005853  GetCmd                         
20007fd9  HOSTclose                      
200078b5  HOSTlseek                      
20007ab5  HOSTopen                       
20007bcd  HOSTread                       
20007849  HOSTrename                     
2000801d  HOSTunlink                     
20007c25  HOSTwrite                      
200057d1  InitTerm                       
20006fd1  IntEnable                      
200088b7  IntMasterEnable                
200085fd  IntRegister                    
20008841  IntVTableBaseSet               
20005445  MasterMain                     
200057ef  Message                        
20006039  PRCMCC3200MCUInit              
200087d3  PRCMHIBRegRead                 
200087e9  PRCMHIBRegWrite                
200084a9  PRCMPeripheralClkDisable       
200081ed  PRCMPeripheralClkEnable        
2000724d  PRCMPeripheralClockGet         
20007c7d  PRCMPeripheralReset            
20008425  PRCMSysResetCauseGet           
2000736d  PinConfigSet                   
2000812d  PinModeSet                     
20006759  PinMuxConfig                   
20008335  PinTypeGPIO                    
20008729  PinTypeSPI                     
20005991  Report                         
2000889d  ResetISR                       
20008743  SPICSDisable                   
2000875b  SPICSEnable                    
20007079  SPIConfigSetExpClk             
2000861d  SPIDataGet                     
2000847d  SPIDataGetNonBlocking          
2000865d  SPIDataPut                     
20008773  SPIEnable                      
20007f01  SPIIntClear                    
20007dd1  SPIIntEnable                   
2000867b  SPIIntRegister                 
20007589  SPIIntStatus                   
200085b9  SPIReset                       
200073f5  SPITransfer                    
20005503  SlaveMain                      
200058f9  TrimSpace                      
200087ff  UARTCharGet                    
200086b7  UARTCharGetNonBlocking         
20008699  UARTCharPut                    
2000878b  UARTCharsAvail                 
2000767f  UARTConfigSetExpClk            
20008365  UARTDisable                    
20008571  UARTEnable                     
200088d1  UtilsDelay                     
20017800  __CIOBUF_                      
20030000  __STACK_END                    
00000800  __STACK_SIZE                   
00000800  __SYSMEM_SIZE                  
20008c70  __TI_CINIT_Base                
20008c80  __TI_CINIT_Limit               
20008c58  __TI_Handler_Table_Base        
20008c64  __TI_Handler_Table_Limit       
200080a5  __TI_auto_init_nobinit_nopinit 
200082cd  __TI_cleanup                   
20017c60  __TI_cleanup_ptr               
200076f5  __TI_closefile                 
2000791d  __TI_decompress_lzss           
2000888f  __TI_decompress_none           
20007e69  __TI_doflush                   
20017c64  __TI_dtors_ptr                 
20017c68  __TI_enable_exit_profile_output
20017c50  __TI_ft_end                    
20007d2b  __TI_ltoa                      
ffffffff  __TI_pprof_out_hndl            
20004401  __TI_printfi                   
ffffffff  __TI_prof_data_size            
ffffffff  __TI_prof_data_start           
20008301  __TI_readmsg                   
20008be8  __TI_static_base__             
20017920  __TI_tmpnams                   
20008229  __TI_writemsg                  
20007a51  __TI_wrt_ok                    
200086d3  __TI_zero_init_nomemset        
2000747d  __aeabi_cdcmpeq                
2000747d  __aeabi_cdcmple                
20007503  __aeabi_cdrcmple               
20007f91  __aeabi_d2iz                   
20005e8b  __aeabi_dadd                   
200062ed  __aeabi_ddiv                   
20006855  __aeabi_dmul                   
20005e81  __aeabi_dsub                   
200088c1  __aeabi_errno_addr             
200083f5  __aeabi_i2d                    
200053d3  __aeabi_idiv0                  
200053d3  __aeabi_ldiv0                  
20007605  __aeabi_memclr                 
20007605  __aeabi_memclr4                
20007605  __aeabi_memclr8                
20007119  __aeabi_memcpy                 
20007119  __aeabi_memcpy4                
20007119  __aeabi_memcpy8                
20007607  __aeabi_memset                 
20007607  __aeabi_memset4                
20007607  __aeabi_memset8                
20017c5c  __aeabi_stderr                 
20017c54  __aeabi_stdin                  
20017c58  __aeabi_stdout                 
200071b5  __aeabi_uldivmod               
ffffffff  __binit__                      
ffffffff  __c_args__                     
UNDEFED   __mpu_init                     
2002f800  __stack                        
20017000  __start___llvm_prf_cnts        
20017000  __stop___llvm_prf_cnts         
20008595  _c_int00_noargs                
200088e8  _ctypes_                       
20017b88  _device                        
20017a98  _ftable                        
20017c6c  _lock                          
20004e4f  _nop                           
20017c00  _stream                        
20017000  _sys_memory                    
UNDEFED   _system_post_cinit             
200088df  _system_pre_init               
20017c70  _unlock                        
200088e3  abort                          
20006659  aligned_alloc                  
20007eb5  atoi                           
ffffffff  binit                          
20007b15  close                          
200088ab  copysign                       
200088ab  copysignl                      
200052dd  drawFastHLine                  
20005241  drawFastVLine                  
20005379  drawPixel                      
20017c7c  errno                          
20007f49  exit                           
200050c5  fillRect                       
200050a7  fillScreen                     
200083c5  finddevice                     
200072e1  fputc                          
20006545  fputs                          
20006951  free                           
20007b71  frexp                          
20007b71  frexpl                         
200079ed  fseek                          
20004000  g_pfnVectors                   
200080e9  getdevice                      
20005021  goTo                           
200053b7  invert                         
20006cc5  ldexp                          
20006cc5  ldexpl                         
200084f9  lseek                          
20005581  main                           
200088c9  malloc                         
20006659  memalign                       
2000870d  memccpy                        
2000863d  memchr                         
20007119  memcpy                         
20008521  memmove                        
2000760d  memset                         
20017a88  parmbuf                        
20007985  printf                         
200072e1  putc                           
20006a35  realloc                        
20008451  remove                         
20006cc5  scalbn                         
20006cc5  scalbnl                        
20006b19  setvbuf                        
20008815  strchr                         
200087bb  strcmp                         
20008855  strcpy                         
20008869  strlen                         
20008297  strncpy                        
20008451  unlink                         
2000816d  vsnprintf                      
2000887d  wcslen                         
20008549  write                          
20004ead  writeCommand                   
20004ec5  writeData                      
20004e51  writeToOled                    


GLOBAL SYMBOLS: SORTED BY Symbol Address 

address   name                           
-------   ----                           
00000800  __STACK_SIZE                   
00000800  __SYSMEM_SIZE                  
20004000  g_pfnVectors                   
20004401  __TI_printfi                   
20004e4f  _nop                           
20004e51  writeToOled                    
20004ead  writeCommand                   
20004ec5  writeData                      
20004edd  Adafruit_Init                  
20005021  goTo                           
20005065  Color565                       
200050a7  fillScreen                     
200050c5  fillRect                       
20005241  drawFastVLine                  
200052dd  drawFastHLine                  
20005379  drawPixel                      
200053b7  invert                         
200053d3  __aeabi_idiv0                  
200053d3  __aeabi_ldiv0                  
20005445  MasterMain                     
20005503  SlaveMain                      
20005581  main                           
200057d1  InitTerm                       
200057ef  Message                        
20005811  ClearTerm                      
2000581b  Error                          
20005853  GetCmd                         
200058f9  TrimSpace                      
20005991  Report                         
20005e81  __aeabi_dsub                   
20005e8b  __aeabi_dadd                   
20006039  PRCMCC3200MCUInit              
200062ed  __aeabi_ddiv                   
20006545  fputs                          
20006659  aligned_alloc                  
20006659  memalign                       
20006759  PinMuxConfig                   
20006855  __aeabi_dmul                   
20006951  free                           
20006a35  realloc                        
20006b19  setvbuf                        
20006cc5  ldexp                          
20006cc5  ldexpl                         
20006cc5  scalbn                         
20006cc5  scalbnl                        
20006fd1  IntEnable                      
20007079  SPIConfigSetExpClk             
20007119  __aeabi_memcpy                 
20007119  __aeabi_memcpy4                
20007119  __aeabi_memcpy8                
20007119  memcpy                         
200071b5  __aeabi_uldivmod               
2000724d  PRCMPeripheralClockGet         
200072e1  fputc                          
200072e1  putc                           
2000736d  PinConfigSet                   
200073f5  SPITransfer                    
2000747d  __aeabi_cdcmpeq                
2000747d  __aeabi_cdcmple                
20007503  __aeabi_cdrcmple               
20007589  SPIIntStatus                   
20007605  __aeabi_memclr                 
20007605  __aeabi_memclr4                
20007605  __aeabi_memclr8                
20007607  __aeabi_memset                 
20007607  __aeabi_memset4                
20007607  __aeabi_memset8                
2000760d  memset                         
2000767f  UARTConfigSetExpClk            
200076f5  __TI_closefile                 
20007849  HOSTrename                     
200078b5  HOSTlseek                      
2000791d  __TI_decompress_lzss           
20007985  printf                         
200079ed  fseek                          
20007a51  __TI_wrt_ok                    
20007ab5  HOSTopen                       
20007b15  close                          
20007b71  frexp                          
20007b71  frexpl                         
20007bcd  HOSTread                       
20007c25  HOSTwrite                      
20007c7d  PRCMPeripheralReset            
20007d2b  __TI_ltoa                      
20007dd1  SPIIntEnable                   
20007e69  __TI_doflush                   
20007eb5  atoi                           
20007f01  SPIIntClear                    
20007f49  exit                           
20007f91  __aeabi_d2iz                   
20007fd9  HOSTclose                      
2000801d  HOSTunlink                     
200080a5  __TI_auto_init_nobinit_nopinit 
200080e9  getdevice                      
2000812d  PinModeSet                     
2000816d  vsnprintf                      
200081ed  PRCMPeripheralClkEnable        
20008229  __TI_writemsg                  
20008257  C$$IO$$                        
20008261  GPIODirModeSet                 
20008297  strncpy                        
200082cd  __TI_cleanup                   
20008301  __TI_readmsg                   
20008335  PinTypeGPIO                    
20008365  UARTDisable                    
200083c5  finddevice                     
200083f5  __aeabi_i2d                    
20008425  PRCMSysResetCauseGet           
20008451  remove                         
20008451  unlink                         
2000847d  SPIDataGetNonBlocking          
200084a9  PRCMPeripheralClkDisable       
200084f9  lseek                          
20008521  memmove                        
20008549  write                          
20008571  UARTEnable                     
20008595  _c_int00_noargs                
200085b9  SPIReset                       
200085db  GPIOPinWrite                   
200085fd  IntRegister                    
2000861d  SPIDataGet                     
2000863d  memchr                         
2000865d  SPIDataPut                     
2000867b  SPIIntRegister                 
20008699  UARTCharPut                    
200086b7  UARTCharGetNonBlocking         
200086d3  __TI_zero_init_nomemset        
2000870d  memccpy                        
20008729  PinTypeSPI                     
20008743  SPICSDisable                   
2000875b  SPICSEnable                    
20008773  SPIEnable                      
2000878b  UARTCharsAvail                 
200087bb  strcmp                         
200087d3  PRCMHIBRegRead                 
200087e9  PRCMHIBRegWrite                
200087ff  UARTCharGet                    
20008815  strchr                         
2000882b  CPUcpsie                       
20008841  IntVTableBaseSet               
20008855  strcpy                         
20008869  strlen                         
2000887d  wcslen                         
2000888f  __TI_decompress_none           
2000889d  ResetISR                       
200088ab  copysign                       
200088ab  copysignl                      
200088b7  IntMasterEnable                
200088c1  __aeabi_errno_addr             
200088c9  malloc                         
200088d1  UtilsDelay                     
200088df  _system_pre_init               
200088e3  C$$EXIT                        
200088e3  abort                          
200088e8  _ctypes_                       
20008be8  __TI_static_base__             
20008c58  __TI_Handler_Table_Base        
20008c64  __TI_Handler_Table_Limit       
20008c70  __TI_CINIT_Base                
20008c80  __TI_CINIT_Limit               
20017000  __start___llvm_prf_cnts        
20017000  __stop___llvm_prf_cnts         
20017000  _sys_memory                    
20017800  __CIOBUF_                      
20017920  __TI_tmpnams                   
20017a88  parmbuf                        
20017a98  _ftable                        
20017b88  _device                        
20017c00  _stream                        
20017c50  __TI_ft_end                    
20017c54  __aeabi_stdin                  
20017c58  __aeabi_stdout                 
20017c5c  __aeabi_stderr                 
20017c60  __TI_cleanup_ptr               
20017c64  __TI_dtors_ptr                 
20017c68  __TI_enable_exit_profile_output
20017c6c  _lock                          
20017c70  _unlock                        
20017c7c  errno                          
2002f800  __stack                        
20030000  __STACK_END                    
ffffffff  __TI_pprof_out_hndl            
ffffffff  __TI_prof_data_size            
ffffffff  __TI_prof_data_start           
ffffffff  __binit__                      
ffffffff  __c_args__                     
ffffffff  binit                          
UNDEFED   __mpu_init                     
UNDEFED   _system_post_cinit             

[189 symbols]
